[debug] [2025-09-13T20:08:56.026Z] ----------------------------------------------------------------------
[debug] [2025-09-13T20:08:56.029Z] Command:       C:\Program Files\nodejs\node.exe C:\Users\joaob\AppData\Roaming\npm\node_modules\firebase-tools\lib\bin\firebase.js init
[debug] [2025-09-13T20:08:56.029Z] CLI Version:   14.16.0
[debug] [2025-09-13T20:08:56.029Z] Platform:      win32
[debug] [2025-09-13T20:08:56.029Z] Node Version:  v20.3.1
[debug] [2025-09-13T20:08:56.029Z] Time:          Sat Sep 13 2025 17:08:56 GMT-0300 (Horário Padrão de Brasília)
[debug] [2025-09-13T20:08:56.030Z] ----------------------------------------------------------------------
[debug] 
[debug] [2025-09-13T20:08:56.034Z] > command requires scopes: ["email","openid","https://www.googleapis.com/auth/cloudplatformprojects.readonly","https://www.googleapis.com/auth/firebase","https://www.googleapis.com/auth/cloud-platform"]
[debug] [2025-09-13T20:08:56.035Z] > authorizing via signed-in user (sistemadeapoioaalunos@gmail.com)
[info] 
     ######## #### ########  ######## ########     ###     ######  ########
     ##        ##  ##     ## ##       ##     ##  ##   ##  ##       ##
     ######    ##  ########  ######   ########  #########  ######  ######
     ##        ##  ##    ##  ##       ##     ## ##     ##       ## ##
     ##       #### ##     ## ######## ########  ##     ##  ######  ########

You're about to initialize a Firebase project in this directory:

  C:\Users\joaob\Documents\Eng Software\sistema-apoio-alunos

[info] 
=== Project Setup
[info] 
[info] First, let's associate this project directory with a Firebase project.
[info] You can create multiple project aliases by running firebase use --add, 
[info] but for now we'll just set up a default project.
[info] 
[debug] [2025-09-13T20:11:51.492Z] ExitPromptError: User force closed the prompt with SIGINT
    at Interface.sigint (C:\Users\joaob\AppData\Roaming\npm\node_modules\firebase-tools\node_modules\@inquirer\core\dist\commonjs\lib\create-prompt.js:101:37)
    at Interface.emit (node:events:511:28)
    at Interface.emit (node:domain:489:12)
    at [_ttyWrite] [as _ttyWrite] (node:internal/readline/interface:1124:18)
    at ReadStream.onkeypress (node:internal/readline/interface:263:20)
    at ReadStream.emit (node:events:523:35)
    at ReadStream.emit (node:domain:489:12)
    at emitKeys (node:internal/readline/utils:357:14)
    at emitKeys.next (<anonymous>)
    at ReadStream.onData (node:internal/readline/emitKeypressEvents:64:36)
[error] 
[error] Error: An unexpected error has occurred.
